// Vitest Snapshot v1, https://vitest.dev/guide/snapshot.html

exports[`DrawerBody > should display > correctly with the slot 1`] = `
"<div data-dismissable-layer="" style="--snap-point-height: 0; pointer-events: auto;" id="" role="dialog" aria-describedby="" aria-labelledby="reka-dialog-title-v-0" data-state="open" data-vaul-drawer="" data-vaul-drawer-direction="bottom" data-vaul-delayed-snap-points="false" data-vaul-snap-points="false" tabindex="-1" class="fixed right-0 bottom-0 left-0 w-full h-full max-h-[95%] flex flex-col bg-white rounded-t-3xl"><span aria-hidden="true" style="position: absolute; border: 0px; width: 1px; height: 1px; padding: 0px; margin: -1px; overflow: hidden; clip: rect(0, 0, 0, 0); clip-path: inset(50%); white-space: nowrap; word-wrap: normal;"><h2 id="reka-dialog-title-v-0"></h2></span>
  <p>Test</p>
</div>"
`;

exports[`DrawerBody > should display > correctly without the slot 1`] = `"<div data-dismissable-layer="" style="--snap-point-height: 0; pointer-events: auto;" id="" role="dialog" aria-describedby="" aria-labelledby="reka-dialog-title-v-0" data-state="open" data-vaul-drawer="" data-vaul-drawer-direction="bottom" data-vaul-delayed-snap-points="false" data-vaul-snap-points="false" tabindex="-1" class="fixed right-0 bottom-0 left-0 w-full h-full max-h-[95%] flex flex-col bg-white rounded-t-3xl"><span aria-hidden="true" style="position: absolute; border: 0px; width: 1px; height: 1px; padding: 0px; margin: -1px; overflow: hidden; clip: rect(0, 0, 0, 0); clip-path: inset(50%); white-space: nowrap; word-wrap: normal;"><h2 id="reka-dialog-title-v-0"></h2></span></div>"`;
